// Jest Snapshot v1, https://goo.gl/fbAQLP

exports[`View should render without crashing 1`] = `
<div>
  <div>
    RenderBlocks
  </div>
</div>
`;
